// Jest Snapshot v1, https://goo.gl/fbAQLP

exports[`Burger renders correctly 1`] = `
<button
  className="burger isOpen"
  onClick={[Function]}
  title="Menu"
  type="button"
>
  <span
    className="burger__line burger__line--top"
  />
  <span
    className="burger__line burger__line--center"
  />
  <span
    className="burger__line burger__line--bottom"
  />
</button>
`;
