// Jest Snapshot v1, https://goo.gl/fbAQLP

exports[`CodePlayLoveCard renders correctly 1`] = `
<li
  className="code-play-love-card code-play-love-card--code"
>
  <div
    className="code-play-love-card__icon code-play-love-card__icon--code"
  />
  <div
    className="code-play-love-card__content"
  >
    <h3
      className="code-play-love-card__head"
    >
      Code
    </h3>
    This is code
  </div>
</li>
`;
