// Jest Snapshot v1, https://goo.gl/fbAQLP

exports[`Copyright renders correctly 1`] = `
<p
  className="copyright"
>
  © 
  2019
   – 
  <span
    className="copyright__name"
  >
    Paul Kamma
  </span>
   –
   
  <Link
    className="hasUnderline"
    replace={false}
    to="/imprint"
  >
    Imprint
  </Link>
   
  <Link
    className="hasUnderline"
    replace={false}
    to="/privacy"
  >
    Privacy policy
  </Link>
</p>
`;
