// Jest Snapshot v1, https://goo.gl/fbAQLP

exports[`Floppy renders correctly 1`] = `
<Link
  className="floppy"
  replace={false}
  title="My Game"
  to="/my-game"
>
  <img
    className="floppy__disc"
    src="assets/img/games/floppy.svg"
  />
  <img
    className="floppy__cover"
    src="uploads/image.jpg"
  />
</Link>
`;
