// Jest Snapshot v1, https://goo.gl/fbAQLP

exports[`Hero renders correctly 1`] = `
<section
  className="hero full-width"
>
  <video
    autoPlay={true}
    className="hero__video"
    loop={true}
    muted={true}
    poster="assets/video/poster.jpg"
    src="assets/video/codeplaylove.mp4"
  />
  <Title />
</section>
`;
