// Jest Snapshot v1, https://goo.gl/fbAQLP

exports[`MaskedSVG renders correctly 1`] = `
<svg
  className="title__svg"
  height="100%"
  width="100%"
>
  <rect
    className="knockout-text-bg"
    fill="#ff0000"
    fillOpacity="0.4"
    height="100%"
    mask="url(#knockout-text-code)"
    width="100%"
    x="0"
    y="0"
  />
  <mask
    className="title__mask"
    id="knockout-text-code"
  >
    <rect
      fill="#FFF"
      height="100%"
      width="100%"
      x="0"
      y="0"
    />
    <text
      alignmentBaseline="central"
      dominantBaseline="central"
      fill="#000"
      textAnchor="middle"
      x="50%"
      y="50%"
    >
      CODE
    </text>
  </mask>
</svg>
`;
