// Jest Snapshot v1, https://goo.gl/fbAQLP

exports[`NavigationItem renders correctly 1`] = `
<li
  className="navigation__list-item"
>
  <i
    className="fas fa-house"
  />
  <NavLink
    activeClassName="navigation__link--active"
    aria-current="page"
    className="navigation__link navigation__link--house"
    exact={true}
    to="/home"
  >
    Home
  </NavLink>
</li>
`;
