// Jest Snapshot v1, https://goo.gl/fbAQLP

exports[`SocialLinkItem renders correctly 1`] = `
<li
  className="social-links__list-item"
>
  <a
    className="social-links__link"
    href="https://github.com"
    name="gitHub"
    rel="noopener noreferrer"
    target="_blank"
    title="gitHub"
  >
    <i
      className="fab fa-github fa-3x"
    />
  </a>
</li>
`;
