// Jest Snapshot v1, https://goo.gl/fbAQLP

exports[`Title renders correctly 1`] = `
<div
  className="title"
>
  <h1
    className="title__head"
  >
    <TitleSegment
      color="#8ac926"
      type="code"
    >
      code
    </TitleSegment>
    <TitleSegment
      color="#2e84d1"
      type="play"
    >
      PLAY
    </TitleSegment>
    <TitleSegment
      color="#fc5053"
      type="love"
    >
      love
    </TitleSegment>
  </h1>
</div>
`;
