// Jest Snapshot v1, https://goo.gl/fbAQLP

exports[`Images renders correctly 1`] = `
ShallowWrapper {
  Symbol(enzyme.__root__): [Circular],
  Symbol(enzyme.__unrendered__): <Images
    images={
      Array [
        "freddie.jpg",
        "brian.jpg",
        "roger.jpg",
        "mike.jpg",
      ]
    }
  />,
  Symbol(enzyme.__renderer__): Object {
    "batchedUpdates": [Function],
    "getNode": [Function],
    "render": [Function],
    "simulateError": [Function],
    "simulateEvent": [Function],
    "unmount": [Function],
  },
  Symbol(enzyme.__node__): Object {
    "instance": null,
    "key": undefined,
    "nodeType": "host",
    "props": Object {
      "children": Array [
        <img
          className="images-list__img"
          src="freddie.jpg"
        />,
        <img
          className="images-list__img"
          src="brian.jpg"
        />,
        <img
          className="images-list__img"
          src="roger.jpg"
        />,
        <img
          className="images-list__img"
          src="mike.jpg"
        />,
      ],
      "className": "images-list images-list--4",
    },
    "ref": null,
    "rendered": Array [
      Object {
        "instance": null,
        "key": "freddie.jpg",
        "nodeType": "host",
        "props": Object {
          "className": "images-list__img",
          "src": "freddie.jpg",
        },
        "ref": null,
        "rendered": null,
        "type": "img",
      },
      Object {
        "instance": null,
        "key": "brian.jpg",
        "nodeType": "host",
        "props": Object {
          "className": "images-list__img",
          "src": "brian.jpg",
        },
        "ref": null,
        "rendered": null,
        "type": "img",
      },
      Object {
        "instance": null,
        "key": "roger.jpg",
        "nodeType": "host",
        "props": Object {
          "className": "images-list__img",
          "src": "roger.jpg",
        },
        "ref": null,
        "rendered": null,
        "type": "img",
      },
      Object {
        "instance": null,
        "key": "mike.jpg",
        "nodeType": "host",
        "props": Object {
          "className": "images-list__img",
          "src": "mike.jpg",
        },
        "ref": null,
        "rendered": null,
        "type": "img",
      },
    ],
    "type": "ul",
  },
  Symbol(enzyme.__nodes__): Array [
    Object {
      "instance": null,
      "key": undefined,
      "nodeType": "host",
      "props": Object {
        "children": Array [
          <img
            className="images-list__img"
            src="freddie.jpg"
          />,
          <img
            className="images-list__img"
            src="brian.jpg"
          />,
          <img
            className="images-list__img"
            src="roger.jpg"
          />,
          <img
            className="images-list__img"
            src="mike.jpg"
          />,
        ],
        "className": "images-list images-list--4",
      },
      "ref": null,
      "rendered": Array [
        Object {
          "instance": null,
          "key": "freddie.jpg",
          "nodeType": "host",
          "props": Object {
            "className": "images-list__img",
            "src": "freddie.jpg",
          },
          "ref": null,
          "rendered": null,
          "type": "img",
        },
        Object {
          "instance": null,
          "key": "brian.jpg",
          "nodeType": "host",
          "props": Object {
            "className": "images-list__img",
            "src": "brian.jpg",
          },
          "ref": null,
          "rendered": null,
          "type": "img",
        },
        Object {
          "instance": null,
          "key": "roger.jpg",
          "nodeType": "host",
          "props": Object {
            "className": "images-list__img",
            "src": "roger.jpg",
          },
          "ref": null,
          "rendered": null,
          "type": "img",
        },
        Object {
          "instance": null,
          "key": "mike.jpg",
          "nodeType": "host",
          "props": Object {
            "className": "images-list__img",
            "src": "mike.jpg",
          },
          "ref": null,
          "rendered": null,
          "type": "img",
        },
      ],
      "type": "ul",
    },
  ],
  Symbol(enzyme.__options__): Object {
    "adapter": ReactSixteenAdapter {
      "options": Object {
        "enableComponentDidUpdateOnSetState": true,
        "lifecycles": Object {
          "componentDidUpdate": Object {
            "onSetState": true,
          },
          "getDerivedStateFromProps": true,
          "getSnapshotBeforeUpdate": true,
          "setState": Object {
            "skipsComponentDidUpdateOnNullish": true,
          },
        },
      },
    },
  },
}
`;
