// Jest Snapshot v1, https://goo.gl/fbAQLP

exports[`Images renders correctly 1`] = `
<ul
  className="images-list images-list--4"
>
  <img
    className="images-list__img"
    key="freddie.jpg"
    src="freddie.jpg"
  />
  <img
    className="images-list__img"
    key="brian.jpg"
    src="brian.jpg"
  />
  <img
    className="images-list__img"
    key="roger.jpg"
    src="roger.jpg"
  />
  <img
    className="images-list__img"
    key="mike.jpg"
    src="mike.jpg"
  />
</ul>
`;
