// Jest Snapshot v1, https://goo.gl/fbAQLP

exports[`Video renders correctly 1`] = `
<div
  className="we-will-rock-you"
  style={
    Object {
      "gridColumn": "1/-1",
    }
  }
>
  <ResponsiveEmbed
    allowFullScreen={true}
    ratio="4:3"
    src="https://www.youtube-nocookie.com/embed/fJ9rUzIMcZQ?rel=0&amp;showinfo=0&theme=white"
  />
</div>
`;
