// Jest Snapshot v1, https://goo.gl/fbAQLP

exports[`Article with all props renders correctly 1`] = `
<article
  className="article article article--page-grid"
>
  <p>
    Hello there
  </p>
</article>
`;

exports[`Article with no props renders correctly 1`] = `
<article
  className="article"
/>
`;
