// Jest Snapshot v1, https://goo.gl/fbAQLP

exports[`Section with all props renders correctly 1`] = `
<section
  className="section section is-fullwidth"
>
  <p>
    Is this the real life?
  </p>
</section>
`;

exports[`Section with no props renders correctly 1`] = `
<section
  className="section"
/>
`;
